Error[108]   C:\USERS\DONATO\DESKTOP\ED2\TRABAJOS PRACTICOS\TP3\G6.1_EDII_TPL3.ASM 1 : Illegal character (`)
Message[302] C:\USERS\DONATO\DESKTOP\ED2\TRABAJOS PRACTICOS\TP3\G6.1_EDII_TPL3.ASM 65 : Register in operand not in bank 0.  Ensure that bank bits are correct.
Message[302] C:\USERS\DONATO\DESKTOP\ED2\TRABAJOS PRACTICOS\TP3\G6.1_EDII_TPL3.ASM 66 : Register in operand not in bank 0.  Ensure that bank bits are correct.
Message[302] C:\USERS\DONATO\DESKTOP\ED2\TRABAJOS PRACTICOS\TP3\G6.1_EDII_TPL3.ASM 71 : Register in operand not in bank 0.  Ensure that bank bits are correct.
Message[302] C:\USERS\DONATO\DESKTOP\ED2\TRABAJOS PRACTICOS\TP3\G6.1_EDII_TPL3.ASM 72 : Register in operand not in bank 0.  Ensure that bank bits are correct.
Message[302] C:\USERS\DONATO\DESKTOP\ED2\TRABAJOS PRACTICOS\TP3\G6.1_EDII_TPL3.ASM 73 : Register in operand not in bank 0.  Ensure that bank bits are correct.
Message[302] C:\USERS\DONATO\DESKTOP\ED2\TRABAJOS PRACTICOS\TP3\G6.1_EDII_TPL3.ASM 101 : Register in operand not in bank 0.  Ensure that bank bits are correct.
Error[118]   C:\USERS\DONATO\DESKTOP\ED2\TRABAJOS PRACTICOS\TP3\G6.1_EDII_TPL3.ASM 420 : Overwriting previous address contents (0080)
Error[118]   C:\USERS\DONATO\DESKTOP\ED2\TRABAJOS PRACTICOS\TP3\G6.1_EDII_TPL3.ASM 420 : Overwriting previous address contents (0080)
Error[118]   C:\USERS\DONATO\DESKTOP\ED2\TRABAJOS PRACTICOS\TP3\G6.1_EDII_TPL3.ASM 422 : Overwriting previous address contents (0081)
Error[118]   C:\USERS\DONATO\DESKTOP\ED2\TRABAJOS PRACTICOS\TP3\G6.1_EDII_TPL3.ASM 422 : Overwriting previous address contents (0081)
Error[118]   C:\USERS\DONATO\DESKTOP\ED2\TRABAJOS PRACTICOS\TP3\G6.1_EDII_TPL3.ASM 423 : Overwriting previous address contents (0082)
Error[118]   C:\USERS\DONATO\DESKTOP\ED2\TRABAJOS PRACTICOS\TP3\G6.1_EDII_TPL3.ASM 423 : Overwriting previous address contents (0082)
Error[118]   C:\USERS\DONATO\DESKTOP\ED2\TRABAJOS PRACTICOS\TP3\G6.1_EDII_TPL3.ASM 424 : Overwriting previous address contents (0083)
Error[118]   C:\USERS\DONATO\DESKTOP\ED2\TRABAJOS PRACTICOS\TP3\G6.1_EDII_TPL3.ASM 424 : Overwriting previous address contents (0083)
Error[118]   C:\USERS\DONATO\DESKTOP\ED2\TRABAJOS PRACTICOS\TP3\G6.1_EDII_TPL3.ASM 425 : Overwriting previous address contents (0084)
Error[118]   C:\USERS\DONATO\DESKTOP\ED2\TRABAJOS PRACTICOS\TP3\G6.1_EDII_TPL3.ASM 425 : Overwriting previous address contents (0084)
Error[118]   C:\USERS\DONATO\DESKTOP\ED2\TRABAJOS PRACTICOS\TP3\G6.1_EDII_TPL3.ASM 426 : Overwriting previous address contents (0085)
Error[118]   C:\USERS\DONATO\DESKTOP\ED2\TRABAJOS PRACTICOS\TP3\G6.1_EDII_TPL3.ASM 426 : Overwriting previous address contents (0085)
Error[118]   C:\USERS\DONATO\DESKTOP\ED2\TRABAJOS PRACTICOS\TP3\G6.1_EDII_TPL3.ASM 427 : Overwriting previous address contents (0086)
Error[118]   C:\USERS\DONATO\DESKTOP\ED2\TRABAJOS PRACTICOS\TP3\G6.1_EDII_TPL3.ASM 427 : Overwriting previous address contents (0086)
Error[118]   C:\USERS\DONATO\DESKTOP\ED2\TRABAJOS PRACTICOS\TP3\G6.1_EDII_TPL3.ASM 428 : Overwriting previous address contents (0087)
Error[118]   C:\USERS\DONATO\DESKTOP\ED2\TRABAJOS PRACTICOS\TP3\G6.1_EDII_TPL3.ASM 428 : Overwriting previous address contents (0087)
Error[118]   C:\USERS\DONATO\DESKTOP\ED2\TRABAJOS PRACTICOS\TP3\G6.1_EDII_TPL3.ASM 429 : Overwriting previous address contents (0088)
Error[118]   C:\USERS\DONATO\DESKTOP\ED2\TRABAJOS PRACTICOS\TP3\G6.1_EDII_TPL3.ASM 429 : Overwriting previous address contents (0088)
Error[118]   C:\USERS\DONATO\DESKTOP\ED2\TRABAJOS PRACTICOS\TP3\G6.1_EDII_TPL3.ASM 430 : Overwriting previous address contents (0089)
Error[118]   C:\USERS\DONATO\DESKTOP\ED2\TRABAJOS PRACTICOS\TP3\G6.1_EDII_TPL3.ASM 430 : Overwriting previous address contents (0089)
Error[118]   C:\USERS\DONATO\DESKTOP\ED2\TRABAJOS PRACTICOS\TP3\G6.1_EDII_TPL3.ASM 431 : Overwriting previous address contents (008A)
Error[118]   C:\USERS\DONATO\DESKTOP\ED2\TRABAJOS PRACTICOS\TP3\G6.1_EDII_TPL3.ASM 431 : Overwriting previous address contents (008A)
Error[118]   C:\USERS\DONATO\DESKTOP\ED2\TRABAJOS PRACTICOS\TP3\G6.1_EDII_TPL3.ASM 432 : Overwriting previous address contents (008B)
Error[118]   C:\USERS\DONATO\DESKTOP\ED2\TRABAJOS PRACTICOS\TP3\G6.1_EDII_TPL3.ASM 432 : Overwriting previous address contents (008B)
Error[118]   C:\USERS\DONATO\DESKTOP\ED2\TRABAJOS PRACTICOS\TP3\G6.1_EDII_TPL3.ASM 445 : Overwriting previous address contents (008C)
Error[118]   C:\USERS\DONATO\DESKTOP\ED2\TRABAJOS PRACTICOS\TP3\G6.1_EDII_TPL3.ASM 445 : Overwriting previous address contents (008C)
Error[118]   C:\USERS\DONATO\DESKTOP\ED2\TRABAJOS PRACTICOS\TP3\G6.1_EDII_TPL3.ASM 447 : Overwriting previous address contents (008D)
Error[118]   C:\USERS\DONATO\DESKTOP\ED2\TRABAJOS PRACTICOS\TP3\G6.1_EDII_TPL3.ASM 447 : Overwriting previous address contents (008D)
Error[118]   C:\USERS\DONATO\DESKTOP\ED2\TRABAJOS PRACTICOS\TP3\G6.1_EDII_TPL3.ASM 448 : Overwriting previous address contents (008E)
Error[118]   C:\USERS\DONATO\DESKTOP\ED2\TRABAJOS PRACTICOS\TP3\G6.1_EDII_TPL3.ASM 448 : Overwriting previous address contents (008E)
Error[118]   C:\USERS\DONATO\DESKTOP\ED2\TRABAJOS PRACTICOS\TP3\G6.1_EDII_TPL3.ASM 449 : Overwriting previous address contents (008F)
Error[118]   C:\USERS\DONATO\DESKTOP\ED2\TRABAJOS PRACTICOS\TP3\G6.1_EDII_TPL3.ASM 449 : Overwriting previous address contents (008F)
Error[118]   C:\USERS\DONATO\DESKTOP\ED2\TRABAJOS PRACTICOS\TP3\G6.1_EDII_TPL3.ASM 450 : Overwriting previous address contents (0090)
Error[118]   C:\USERS\DONATO\DESKTOP\ED2\TRABAJOS PRACTICOS\TP3\G6.1_EDII_TPL3.ASM 450 : Overwriting previous address contents (0090)
